Archive member included to satisfy reference by file (symbol)

/home/ale/.Ac6/SystemWorkbench/plugins/fr.ac6.mcu.externaltools.arm-none.linux64_1.7.0.201602291252/tools/compiler/bin/../lib/gcc/arm-none-eabi/5.2.1/armv7e-m/fpu/libgcc.a(_aeabi_uldivmod.o)
                              Drivers/STM32L4xx_HAL_Driver/stm32l4xx_hal_uart.o (__aeabi_uldivmod)
/home/ale/.Ac6/SystemWorkbench/plugins/fr.ac6.mcu.externaltools.arm-none.linux64_1.7.0.201602291252/tools/compiler/bin/../lib/gcc/arm-none-eabi/5.2.1/armv7e-m/fpu/libgcc.a(_udivmoddi4.o)
                              /home/ale/.Ac6/SystemWorkbench/plugins/fr.ac6.mcu.externaltools.arm-none.linux64_1.7.0.201602291252/tools/compiler/bin/../lib/gcc/arm-none-eabi/5.2.1/armv7e-m/fpu/libgcc.a(_aeabi_uldivmod.o) (__udivmoddi4)
/home/ale/.Ac6/SystemWorkbench/plugins/fr.ac6.mcu.externaltools.arm-none.linux64_1.7.0.201602291252/tools/compiler/bin/../lib/gcc/arm-none-eabi/5.2.1/armv7e-m/fpu/libgcc.a(_dvmd_tls.o)
                              /home/ale/.Ac6/SystemWorkbench/plugins/fr.ac6.mcu.externaltools.arm-none.linux64_1.7.0.201602291252/tools/compiler/bin/../lib/gcc/arm-none-eabi/5.2.1/armv7e-m/fpu/libgcc.a(_aeabi_uldivmod.o) (__aeabi_ldiv0)
/home/ale/.Ac6/SystemWorkbench/plugins/fr.ac6.mcu.externaltools.arm-none.linux64_1.7.0.201602291252/tools/compiler/bin/../lib/gcc/arm-none-eabi/5.2.1/../../../../arm-none-eabi/lib/armv7e-m/fpu/libc_nano.a(lib_a-exit.o)
                              /home/ale/.Ac6/SystemWorkbench/plugins/fr.ac6.mcu.externaltools.arm-none.linux64_1.7.0.201602291252/tools/compiler/bin/../lib/gcc/arm-none-eabi/5.2.1/../../../../arm-none-eabi/lib/armv7e-m/fpu/crt0.o (exit)
/home/ale/.Ac6/SystemWorkbench/plugins/fr.ac6.mcu.externaltools.arm-none.linux64_1.7.0.201602291252/tools/compiler/bin/../lib/gcc/arm-none-eabi/5.2.1/../../../../arm-none-eabi/lib/armv7e-m/fpu/libc_nano.a(lib_a-impure.o)
                              /home/ale/.Ac6/SystemWorkbench/plugins/fr.ac6.mcu.externaltools.arm-none.linux64_1.7.0.201602291252/tools/compiler/bin/../lib/gcc/arm-none-eabi/5.2.1/../../../../arm-none-eabi/lib/armv7e-m/fpu/libc_nano.a(lib_a-exit.o) (_global_impure_ptr)
/home/ale/.Ac6/SystemWorkbench/plugins/fr.ac6.mcu.externaltools.arm-none.linux64_1.7.0.201602291252/tools/compiler/bin/../lib/gcc/arm-none-eabi/5.2.1/../../../../arm-none-eabi/lib/armv7e-m/fpu/libc_nano.a(lib_a-init.o)
                              /home/ale/.Ac6/SystemWorkbench/plugins/fr.ac6.mcu.externaltools.arm-none.linux64_1.7.0.201602291252/tools/compiler/bin/../lib/gcc/arm-none-eabi/5.2.1/../../../../arm-none-eabi/lib/armv7e-m/fpu/crt0.o (__libc_init_array)
/home/ale/.Ac6/SystemWorkbench/plugins/fr.ac6.mcu.externaltools.arm-none.linux64_1.7.0.201602291252/tools/compiler/bin/../lib/gcc/arm-none-eabi/5.2.1/../../../../arm-none-eabi/lib/armv7e-m/fpu/libc_nano.a(lib_a-memcpy-stub.o)
                              Middlewares/FreeRTOS/queue.o (memcpy)
/home/ale/.Ac6/SystemWorkbench/plugins/fr.ac6.mcu.externaltools.arm-none.linux64_1.7.0.201602291252/tools/compiler/bin/../lib/gcc/arm-none-eabi/5.2.1/../../../../arm-none-eabi/lib/armv7e-m/fpu/libc_nano.a(lib_a-memset.o)
                              /home/ale/.Ac6/SystemWorkbench/plugins/fr.ac6.mcu.externaltools.arm-none.linux64_1.7.0.201602291252/tools/compiler/bin/../lib/gcc/arm-none-eabi/5.2.1/../../../../arm-none-eabi/lib/armv7e-m/fpu/crt0.o (memset)
/home/ale/.Ac6/SystemWorkbench/plugins/fr.ac6.mcu.externaltools.arm-none.linux64_1.7.0.201602291252/tools/compiler/bin/../lib/gcc/arm-none-eabi/5.2.1/../../../../arm-none-eabi/lib/armv7e-m/fpu/libnosys.a(_exit.o)
                              /home/ale/.Ac6/SystemWorkbench/plugins/fr.ac6.mcu.externaltools.arm-none.linux64_1.7.0.201602291252/tools/compiler/bin/../lib/gcc/arm-none-eabi/5.2.1/../../../../arm-none-eabi/lib/armv7e-m/fpu/libc_nano.a(lib_a-exit.o) (_exit)

Allocating common symbols
Common symbol       size              file

hspi2               0x64              Application/User/main.o
htim4               0x3c              Application/User/stm32l4xx_hal_timebase_TIM.o
hi2c1               0x4c              Application/User/main.o
hi2c2               0x4c              Application/User/main.o
uwTick              0x4               Drivers/STM32L4xx_HAL_Driver/stm32l4xx_hal.o
xQueueRegistry      0x40              Middlewares/FreeRTOS/queue.o
pFlash              0x1c              Drivers/STM32L4xx_HAL_Driver/stm32l4xx_hal_flash.o
hsai_BlockB1        0x84              Application/User/main.o
hlcd                0x3c              Application/User/main.o
hsai_BlockA1        0x84              Application/User/main.o
huart2              0x70              Application/User/main.o
hcan1               0x40              Application/User/main.o
hqspi               0x3c              Application/User/main.o

Discarded input sections

[...]
Memory Configuration

Name             Origin             Length             Attributes
RAM              0x20000000         0x00018000         xrw
RAM2             0x10000000         0x00008000         xrw
FLASH            0x08000000         0x00100000         xr
*default*        0x00000000         0xffffffff

Linker script and memory map

LOAD /home/ale/.Ac6/SystemWorkbench/plugins/fr.ac6.mcu.externaltools.arm-none.linux64_1.7.0.201602291252/tools/compiler/bin/../lib/gcc/arm-none-eabi/5.2.1/armv7e-m/fpu/crti.o
LOAD /home/ale/.Ac6/SystemWorkbench/plugins/fr.ac6.mcu.externaltools.arm-none.linux64_1.7.0.201602291252/tools/compiler/bin/../lib/gcc/arm-none-eabi/5.2.1/armv7e-m/fpu/crtbegin.o
LOAD /home/ale/.Ac6/SystemWorkbench/plugins/fr.ac6.mcu.externaltools.arm-none.linux64_1.7.0.201602291252/tools/compiler/bin/../lib/gcc/arm-none-eabi/5.2.1/../../../../arm-none-eabi/lib/armv7e-m/fpu/crt0.o
LOAD /home/ale/.Ac6/SystemWorkbench/plugins/fr.ac6.mcu.externaltools.arm-none.linux64_1.7.0.201602291252/tools/compiler/bin/../lib/gcc/arm-none-eabi/5.2.1/../../../../arm-none-eabi/lib/armv7e-m/fpu/libm.a
LOAD Application/SW4STM32/startup_stm32l476xx.o
LOAD Application/User/freertos.o
LOAD Application/User/main.o
LOAD Application/User/stm32l4xx_hal_msp.o
LOAD Application/User/stm32l4xx_hal_timebase_TIM.o
LOAD Application/User/stm32l4xx_it.o
LOAD Drivers/CMSIS/system_stm32l4xx.o
LOAD Drivers/STM32L4xx_HAL_Driver/stm32l4xx_hal.o
LOAD Drivers/STM32L4xx_HAL_Driver/stm32l4xx_hal_can.o
LOAD Drivers/STM32L4xx_HAL_Driver/stm32l4xx_hal_cortex.o
LOAD Drivers/STM32L4xx_HAL_Driver/stm32l4xx_hal_dma.o
LOAD Drivers/STM32L4xx_HAL_Driver/stm32l4xx_hal_flash.o
LOAD Drivers/STM32L4xx_HAL_Driver/stm32l4xx_hal_flash_ex.o
LOAD Drivers/STM32L4xx_HAL_Driver/stm32l4xx_hal_flash_ramfunc.o
LOAD Drivers/STM32L4xx_HAL_Driver/stm32l4xx_hal_gpio.o
LOAD Drivers/STM32L4xx_HAL_Driver/stm32l4xx_hal_i2c.o
LOAD Drivers/STM32L4xx_HAL_Driver/stm32l4xx_hal_i2c_ex.o
LOAD Drivers/STM32L4xx_HAL_Driver/stm32l4xx_hal_lcd.o
LOAD Drivers/STM32L4xx_HAL_Driver/stm32l4xx_hal_pwr.o
LOAD Drivers/STM32L4xx_HAL_Driver/stm32l4xx_hal_pwr_ex.o
LOAD Drivers/STM32L4xx_HAL_Driver/stm32l4xx_hal_qspi.o
LOAD Drivers/STM32L4xx_HAL_Driver/stm32l4xx_hal_rcc.o
LOAD Drivers/STM32L4xx_HAL_Driver/stm32l4xx_hal_rcc_ex.o
LOAD Drivers/STM32L4xx_HAL_Driver/stm32l4xx_hal_sai.o
LOAD Drivers/STM32L4xx_HAL_Driver/stm32l4xx_hal_spi.o
LOAD Drivers/STM32L4xx_HAL_Driver/stm32l4xx_hal_spi_ex.o
LOAD Drivers/STM32L4xx_HAL_Driver/stm32l4xx_hal_tim.o
LOAD Drivers/STM32L4xx_HAL_Driver/stm32l4xx_hal_tim_ex.o
LOAD Drivers/STM32L4xx_HAL_Driver/stm32l4xx_hal_uart.o
LOAD Drivers/STM32L4xx_HAL_Driver/stm32l4xx_hal_uart_ex.o
LOAD Middlewares/FreeRTOS/cmsis_os.o
LOAD Middlewares/FreeRTOS/croutine.o
LOAD Middlewares/FreeRTOS/event_groups.o
LOAD Middlewares/FreeRTOS/heap_4.o
LOAD Middlewares/FreeRTOS/list.o
LOAD Middlewares/FreeRTOS/port.o
LOAD Middlewares/FreeRTOS/queue.o
LOAD Middlewares/FreeRTOS/tasks.o
LOAD Middlewares/FreeRTOS/timers.o
START GROUP
LOAD /home/ale/.Ac6/SystemWorkbench/plugins/fr.ac6.mcu.externaltools.arm-none.linux64_1.7.0.201602291252/tools/compiler/bin/../lib/gcc/arm-none-eabi/5.2.1/armv7e-m/fpu/libgcc.a
LOAD /home/ale/.Ac6/SystemWorkbench/plugins/fr.ac6.mcu.externaltools.arm-none.linux64_1.7.0.201602291252/tools/compiler/bin/../lib/gcc/arm-none-eabi/5.2.1/../../../../arm-none-eabi/lib/armv7e-m/fpu/libc_nano.a
END GROUP
START GROUP
LOAD /home/ale/.Ac6/SystemWorkbench/plugins/fr.ac6.mcu.externaltools.arm-none.linux64_1.7.0.201602291252/tools/compiler/bin/../lib/gcc/arm-none-eabi/5.2.1/armv7e-m/fpu/libgcc.a
LOAD /home/ale/.Ac6/SystemWorkbench/plugins/fr.ac6.mcu.externaltools.arm-none.linux64_1.7.0.201602291252/tools/compiler/bin/../lib/gcc/arm-none-eabi/5.2.1/../../../../arm-none-eabi/lib/armv7e-m/fpu/libc_nano.a
LOAD /home/ale/.Ac6/SystemWorkbench/plugins/fr.ac6.mcu.externaltools.arm-none.linux64_1.7.0.201602291252/tools/compiler/bin/../lib/gcc/arm-none-eabi/5.2.1/../../../../arm-none-eabi/lib/armv7e-m/fpu/libnosys.a
END GROUP
START GROUP
LOAD /home/ale/.Ac6/SystemWorkbench/plugins/fr.ac6.mcu.externaltools.arm-none.linux64_1.7.0.201602291252/tools/compiler/bin/../lib/gcc/arm-none-eabi/5.2.1/armv7e-m/fpu/libgcc.a
LOAD /home/ale/.Ac6/SystemWorkbench/plugins/fr.ac6.mcu.externaltools.arm-none.linux64_1.7.0.201602291252/tools/compiler/bin/../lib/gcc/arm-none-eabi/5.2.1/../../../../arm-none-eabi/lib/armv7e-m/fpu/libc_nano.a
LOAD /home/ale/.Ac6/SystemWorkbench/plugins/fr.ac6.mcu.externaltools.arm-none.linux64_1.7.0.201602291252/tools/compiler/bin/../lib/gcc/arm-none-eabi/5.2.1/../../../../arm-none-eabi/lib/armv7e-m/fpu/libnosys.a
END GROUP
LOAD /home/ale/.Ac6/SystemWorkbench/plugins/fr.ac6.mcu.externaltools.arm-none.linux64_1.7.0.201602291252/tools/compiler/bin/../lib/gcc/arm-none-eabi/5.2.1/armv7e-m/fpu/crtend.o
LOAD /home/ale/.Ac6/SystemWorkbench/plugins/fr.ac6.mcu.externaltools.arm-none.linux64_1.7.0.201602291252/tools/compiler/bin/../lib/gcc/arm-none-eabi/5.2.1/armv7e-m/fpu/crtn.o
                0x20018000                _estack = 0x20018000
                0x00000200                _Min_Heap_Size = 0x200
                0x00000400                _Min_Stack_Size = 0x400

.isr_vector     0x08000000      0x188
                0x08000000                . = ALIGN (0x8)
 *(.isr_vector)
 .isr_vector    0x08000000      0x188 Application/SW4STM32/startup_stm32l476xx.o
                0x08000000                g_pfnVectors
                0x08000188                . = ALIGN (0x8)

.text           0x08000188     0x4558
                0x08000188                . = ALIGN (0x8)
 *(.text)
 .text          0x08000188       0xa4 /home/ale/.Ac6/SystemWorkbench/plugins/fr.ac6.mcu.externaltools.arm-none.linux64_1.7.0.201602291252/tools/compiler/bin/../lib/gcc/arm-none-eabi/5.2.1/armv7e-m/fpu/crtbegin.o
 .text          0x0800022c       0x30 /home/ale/.Ac6/SystemWorkbench/plugins/fr.ac6.mcu.externaltools.arm-none.linux64_1.7.0.201602291252/tools/compiler/bin/../lib/gcc/arm-none-eabi/5.2.1/armv7e-m/fpu/libgcc.a(_aeabi_uldivmod.o)
                0x0800022c                __aeabi_uldivmod
 .text          0x0800025c      0x2e4 /home/ale/.Ac6/SystemWorkbench/plugins/fr.ac6.mcu.externaltools.arm-none.linux64_1.7.0.201602291252/tools/compiler/bin/../lib/gcc/arm-none-eabi/5.2.1/armv7e-m/fpu/libgcc.a(_udivmoddi4.o)
                0x0800025c                __udivmoddi4
 .text          0x08000540        0x4 /home/ale/.Ac6/SystemWorkbench/plugins/fr.ac6.mcu.externaltools.arm-none.linux64_1.7.0.201602291252/tools/compiler/bin/../lib/gcc/arm-none-eabi/5.2.1/armv7e-m/fpu/libgcc.a(_dvmd_tls.o)
                0x08000540                __aeabi_ldiv0
                0x08000540                __aeabi_idiv0
 *(.text*)
 .text.Reset_Handler
                0x08000544       0x50 Application/SW4STM32/startup_stm32l476xx.o
                0x08000544                Reset_Handler
 .text.Default_Handler
                0x08000594        0x2 Application/SW4STM32/startup_stm32l476xx.o
                0x08000594                RTC_Alarm_IRQHandler
                0x08000594                EXTI2_IRQHandler
                0x08000594                TIM8_TRG_COM_IRQHandler
                0x08000594                TIM8_CC_IRQHandler
                0x08000594                DebugMon_Handler
                0x08000594                TIM1_CC_IRQHandler
                0x08000594                TSC_IRQHandler
                0x08000594                HardFault_Handler
                0x08000594                TAMP_STAMP_IRQHandler
                0x08000594                NMI_Handler
                0x08000594                EXTI3_IRQHandler
                0x08000594                LPTIM2_IRQHandler
                0x08000594                DFSDM1_FLT1_IRQHandler
                0x08000594                I2C3_ER_IRQHandler
                0x08000594                DFSDM1_FLT2_IRQHandler
                0x08000594                EXTI0_IRQHandler
                0x08000594                I2C2_EV_IRQHandler
                0x08000594                FPU_IRQHandler
                0x08000594                TIM1_UP_TIM16_IRQHandler
                0x08000594                UsageFault_Handler
                0x08000594                ADC1_2_IRQHandler
                0x08000594                SPI1_IRQHandler
                0x08000594                TIM6_DAC_IRQHandler
                0x08000594                TIM8_UP_IRQHandler
                0x08000594                DMA2_Channel2_IRQHandler
                0x08000594                DMA1_Channel4_IRQHandler
                0x08000594                SAI2_IRQHandler
                0x08000594                DFSDM1_FLT3_IRQHandler
                0x08000594                USART3_IRQHandler
                0x08000594                DMA1_Channel7_IRQHandler
                0x08000594                LCD_IRQHandler
                0x08000594                UART5_IRQHandler
                0x08000594                ADC3_IRQHandler
                0x08000594                DMA2_Channel1_IRQHandler
                0x08000594                QUADSPI_IRQHandler
                0x08000594                I2C1_EV_IRQHandler
                0x08000594                DMA1_Channel6_IRQHandler
                0x08000594                UART4_IRQHandler
                0x08000594                DMA2_Channel4_IRQHandler
                0x08000594                TIM3_IRQHandler
                0x08000594                RCC_IRQHandler
                0x08000594                DMA1_Channel1_IRQHandler
                0x08000594                Default_Handler
                0x08000594                DMA2_Channel7_IRQHandler
                0x08000594                EXTI15_10_IRQHandler
                0x08000594                TIM7_IRQHandler
                0x08000594                SDMMC1_IRQHandler
                0x08000594                TIM5_IRQHandler
                0x08000594                I2C3_EV_IRQHandler
                0x08000594                EXTI9_5_IRQHandler
                0x08000594                RTC_WKUP_IRQHandler
                0x08000594                PVD_PVM_IRQHandler
                0x08000594                SPI2_IRQHandler
                0x08000594                MemManage_Handler
                0x08000594                DMA2_Channel5_IRQHandler
                0x08000594                DMA1_Channel5_IRQHandler
                0x08000594                EXTI4_IRQHandler
                0x08000594                RNG_IRQHandler
                0x08000594                TIM1_TRG_COM_TIM17_IRQHandler
                0x08000594                DMA1_Channel3_IRQHandler
                0x08000594                COMP_IRQHandler
                0x08000594                WWDG_IRQHandler
                0x08000594                LPUART1_IRQHandler
                0x08000594                DMA2_Channel6_IRQHandler
                0x08000594                TIM2_IRQHandler
                0x08000594                EXTI1_IRQHandler
                0x08000594                USART2_IRQHandler
                0x08000594                DFSDM1_FLT0_IRQHandler
                0x08000594                I2C2_ER_IRQHandler
                0x08000594                DMA1_Channel2_IRQHandler
                0x08000594                TIM8_BRK_IRQHandler
                0x08000594                FLASH_IRQHandler
                0x08000594                BusFault_Handler
                0x08000594                USART1_IRQHandler
                0x08000594                OTG_FS_IRQHandler
                0x08000594                SPI3_IRQHandler
                0x08000594                I2C1_ER_IRQHandler
                0x08000594                FMC_IRQHandler
                0x08000594                SWPMI1_IRQHandler
                0x08000594                LPTIM1_IRQHandler
                0x08000594                SAI1_IRQHandler
                0x08000594                DMA2_Channel3_IRQHandler
                0x08000594                TIM1_BRK_TIM15_IRQHandler
 .text.vApplicationStackOverflowHook
                0x08000596        0x2 Application/User/freertos.o
                0x08000596                vApplicationStackOverflowHook
 .text.vApplicationMallocFailedHook
                0x08000598        0x2 Application/User/freertos.o
                0x08000598                vApplicationMallocFailedHook
 .text.ALE_CAN_Receive_IT
                0x0800059a       0x58 Application/User/main.o
                0x0800059a                ALE_CAN_Receive_IT
 *fill*         0x080005f2        0x2 
 .text.HAL_TIM_PeriodElapsedCallback
                0x080005f4       0x14 Application/User/main.o
                0x080005f4                HAL_TIM_PeriodElapsedCallback
 .text.Error_Handler
                0x08000608       0x48 Application/User/main.o
                0x08000608                Error_Handler
 .text.Task_Body
                0x08000650       0x70 Application/User/main.o
 .text.SystemClock_Config
                0x080006c0       0xcc Application/User/main.o
                0x080006c0                SystemClock_Config
 .text.startup.main
                0x0800078c      0x444 Application/User/main.o
                0x0800078c                main
 .text.HAL_CAN_RxCpltCallback
                0x08000bd0       0x58 Application/User/main.o
                0x08000bd0                HAL_CAN_RxCpltCallback
 .text.HAL_MspInit
                0x08000c28       0x8c Application/User/stm32l4xx_hal_msp.o
                0x08000c28                HAL_MspInit
 .text.HAL_CAN_MspInit
                0x08000cb4       0x8c Application/User/stm32l4xx_hal_msp.o
                0x08000cb4                HAL_CAN_MspInit
 .text.HAL_I2C_MspInit
                0x08000d40       0x8c Application/User/stm32l4xx_hal_msp.o
                0x08000d40                HAL_I2C_MspInit
 .text.HAL_LCD_MspInit
                0x08000dcc       0x98 Application/User/stm32l4xx_hal_msp.o
                0x08000dcc                HAL_LCD_MspInit
 .text.HAL_QSPI_MspInit
                0x08000e64       0x50 Application/User/stm32l4xx_hal_msp.o
                0x08000e64                HAL_QSPI_MspInit
 .text.HAL_SPI_MspInit
                0x08000eb4       0x4c Application/User/stm32l4xx_hal_msp.o
                0x08000eb4                HAL_SPI_MspInit
 .text.HAL_UART_MspInit
                0x08000f00       0x4c Application/User/stm32l4xx_hal_msp.o
                0x08000f00                HAL_UART_MspInit
 .text.HAL_SAI_MspInit
                0x08000f4c       0xa4 Application/User/stm32l4xx_hal_msp.o
                0x08000f4c                HAL_SAI_MspInit
 .text.HAL_InitTick
                0x08000ff0       0x78 Application/User/stm32l4xx_hal_timebase_TIM.o
                0x08000ff0                HAL_InitTick
 .text.SysTick_Handler
                0x08001068        0x4 Application/User/stm32l4xx_it.o
                0x08001068                SysTick_Handler
 .text.CAN1_SCE_IRQHandler
                0x0800106c        0xc Application/User/stm32l4xx_it.o
                0x0800106c                CAN1_SCE_IRQHandler
 .text.CAN1_RX1_IRQHandler
                0x08001078        0x4 Application/User/stm32l4xx_it.o
                0x08001078                CAN1_RX1_IRQHandler
 .text.CAN1_RX0_IRQHandler
                0x0800107c        0x4 Application/User/stm32l4xx_it.o
                0x0800107c                CAN1_RX0_IRQHandler
 .text.CAN1_TX_IRQHandler
                0x08001080        0x4 Application/User/stm32l4xx_it.o
                0x08001080                CAN1_TX_IRQHandler
 .text.TIM4_IRQHandler
                0x08001084        0xc Application/User/stm32l4xx_it.o
                0x08001084                TIM4_IRQHandler
 .text.SystemInit
                0x08001090       0x48 Drivers/CMSIS/system_stm32l4xx.o
                0x08001090                SystemInit
 .text.HAL_Init
                0x080010d8       0x24 Drivers/STM32L4xx_HAL_Driver/stm32l4xx_hal.o
                0x080010d8                HAL_Init
 .text.HAL_IncTick
                0x080010fc       0x10 Drivers/STM32L4xx_HAL_Driver/stm32l4xx_hal.o
                0x080010fc                HAL_IncTick
 .text.HAL_GetTick
                0x0800110c        0xc Drivers/STM32L4xx_HAL_Driver/stm32l4xx_hal.o
                0x0800110c                HAL_GetTick
 .text.HAL_Delay
                0x08001118       0x16 Drivers/STM32L4xx_HAL_Driver/stm32l4xx_hal.o
                0x08001118                HAL_Delay
 *fill*         0x0800112e        0x2 
 .text.HAL_CAN_ConfigFilter
                0x08001130       0xd8 Drivers/STM32L4xx_HAL_Driver/stm32l4xx_hal_can.o
                0x08001130                HAL_CAN_ConfigFilter
 .text.HAL_CAN_Init
                0x08001208      0x12c Drivers/STM32L4xx_HAL_Driver/stm32l4xx_hal_can.o
                0x08001208                HAL_CAN_Init
 .text.HAL_CAN_Transmit
                0x08001334      0x15c Drivers/STM32L4xx_HAL_Driver/stm32l4xx_hal_can.o
                0x08001334                HAL_CAN_Transmit
 .text.HAL_CAN_TxCpltCallback
                0x08001490        0x2 Drivers/STM32L4xx_HAL_Driver/stm32l4xx_hal_can.o
                0x08001490                HAL_CAN_TxCpltCallback
 .text.CAN_Receive_IT
                0x08001492       0xfc Drivers/STM32L4xx_HAL_Driver/stm32l4xx_hal_can.o
 .text.HAL_CAN_ErrorCallback
                0x0800158e        0x2 Drivers/STM32L4xx_HAL_Driver/stm32l4xx_hal_can.o
                0x0800158e                HAL_CAN_ErrorCallback
 .text.HAL_CAN_IRQHandler
                0x08001590      0x16c Drivers/STM32L4xx_HAL_Driver/stm32l4xx_hal_can.o
                0x08001590                HAL_CAN_IRQHandler
 .text.HAL_NVIC_SetPriorityGrouping
                0x080016fc       0x24 Drivers/STM32L4xx_HAL_Driver/stm32l4xx_hal_cortex.o
                0x080016fc                HAL_NVIC_SetPriorityGrouping
 .text.HAL_NVIC_SetPriority
                0x08001720       0x68 Drivers/STM32L4xx_HAL_Driver/stm32l4xx_hal_cortex.o
                0x08001720                HAL_NVIC_SetPriority
 .text.HAL_NVIC_EnableIRQ
                0x08001788       0x18 Drivers/STM32L4xx_HAL_Driver/stm32l4xx_hal_cortex.o
                0x08001788                HAL_NVIC_EnableIRQ
 .text.HAL_SYSTICK_Config
                0x080017a0       0x2c Drivers/STM32L4xx_HAL_Driver/stm32l4xx_hal_cortex.o
                0x080017a0                HAL_SYSTICK_Config
 .text.HAL_SYSTICK_CLKSourceConfig
                0x080017cc       0x18 Drivers/STM32L4xx_HAL_Driver/stm32l4xx_hal_cortex.o
                0x080017cc                HAL_SYSTICK_CLKSourceConfig
 .text.HAL_GPIO_Init
                0x080017e4      0x1bc Drivers/STM32L4xx_HAL_Driver/stm32l4xx_hal_gpio.o
                0x080017e4                HAL_GPIO_Init
 .text.HAL_GPIO_ReadPin
                0x080019a0        0xc Drivers/STM32L4xx_HAL_Driver/stm32l4xx_hal_gpio.o
                0x080019a0                HAL_GPIO_ReadPin
 .text.HAL_GPIO_WritePin
                0x080019ac        0xa Drivers/STM32L4xx_HAL_Driver/stm32l4xx_hal_gpio.o
                0x080019ac                HAL_GPIO_WritePin
 .text.HAL_GPIO_TogglePin
                0x080019b6        0x8 Drivers/STM32L4xx_HAL_Driver/stm32l4xx_hal_gpio.o
                0x080019b6                HAL_GPIO_TogglePin
 .text.HAL_I2C_Init
                0x080019be       0xa2 Drivers/STM32L4xx_HAL_Driver/stm32l4xx_hal_i2c.o
                0x080019be                HAL_I2C_Init
 .text.HAL_I2CEx_ConfigAnalogFilter
                0x08001a60       0x4c Drivers/STM32L4xx_HAL_Driver/stm32l4xx_hal_i2c_ex.o
                0x08001a60                HAL_I2CEx_ConfigAnalogFilter
 .text.LCD_WaitForSynchro
                0x08001aac       0x2a Drivers/STM32L4xx_HAL_Driver/stm32l4xx_hal_lcd.o
                0x08001aac                LCD_WaitForSynchro
 *fill*         0x08001ad6        0x2 
 .text.HAL_LCD_Init
                0x08001ad8       0xe8 Drivers/STM32L4xx_HAL_Driver/stm32l4xx_hal_lcd.o
                0x08001ad8                HAL_LCD_Init
 .text.HAL_PWREx_GetVoltageRange
                0x08001bc0       0x10 Drivers/STM32L4xx_HAL_Driver/stm32l4xx_hal_pwr_ex.o
                0x08001bc0                HAL_PWREx_GetVoltageRange
 .text.HAL_PWREx_ControlVoltageScaling
                0x08001bd0       0x6c Drivers/STM32L4xx_HAL_Driver/stm32l4xx_hal_pwr_ex.o
                0x08001bd0                HAL_PWREx_ControlVoltageScaling
 .text.QSPI_WaitFlagStateUntilTimeout
                0x08001c3c       0x4c Drivers/STM32L4xx_HAL_Driver/stm32l4xx_hal_qspi.o
 .text.HAL_QSPI_Init
                0x08001c88       0xd4 Drivers/STM32L4xx_HAL_Driver/stm32l4xx_hal_qspi.o
                0x08001c88                HAL_QSPI_Init
 .text.RCC_SetFlashLatencyFromMSIRange
                0x08001d5c       0x84 Drivers/STM32L4xx_HAL_Driver/stm32l4xx_hal_rcc.o
 .text.HAL_RCC_GetSysClockFreq
                0x08001de0      0x13c Drivers/STM32L4xx_HAL_Driver/stm32l4xx_hal_rcc.o
                0x08001de0                HAL_RCC_GetSysClockFreq
 .text.HAL_RCC_OscConfig
                0x08001f1c      0x48c Drivers/STM32L4xx_HAL_Driver/stm32l4xx_hal_rcc.o
                0x08001f1c                HAL_RCC_OscConfig
 .text.HAL_RCC_ClockConfig
                0x080023a8      0x170 Drivers/STM32L4xx_HAL_Driver/stm32l4xx_hal_rcc.o
                0x080023a8                HAL_RCC_ClockConfig
 .text.HAL_RCC_GetHCLKFreq
                0x08002518        0xc Drivers/STM32L4xx_HAL_Driver/stm32l4xx_hal_rcc.o
                0x08002518                HAL_RCC_GetHCLKFreq
 .text.HAL_RCC_GetPCLK1Freq
                0x08002524       0x30 Drivers/STM32L4xx_HAL_Driver/stm32l4xx_hal_rcc.o
                0x08002524                HAL_RCC_GetPCLK1Freq
 .text.HAL_RCC_GetPCLK2Freq
                0x08002554       0x30 Drivers/STM32L4xx_HAL_Driver/stm32l4xx_hal_rcc.o
                0x08002554                HAL_RCC_GetPCLK2Freq
 .text.HAL_RCC_GetClockConfig
                0x08002584       0x3c Drivers/STM32L4xx_HAL_Driver/stm32l4xx_hal_rcc.o
                0x08002584                HAL_RCC_GetClockConfig
 .text.RCCEx_PLLSAI1_Config
                0x080025c0      0x170 Drivers/STM32L4xx_HAL_Driver/stm32l4xx_hal_rcc_ex.o
 .text.RCCEx_PLLSAI2_Config
                0x08002730      0x140 Drivers/STM32L4xx_HAL_Driver/stm32l4xx_hal_rcc_ex.o
 .text.HAL_RCCEx_PeriphCLKConfig
                0x08002870      0x3cc Drivers/STM32L4xx_HAL_Driver/stm32l4xx_hal_rcc_ex.o
                0x08002870                HAL_RCCEx_PeriphCLKConfig
 .text.HAL_RCCEx_GetPeriphCLKFreq
                0x08002c3c      0x4ec Drivers/STM32L4xx_HAL_Driver/stm32l4xx_hal_rcc_ex.o
                0x08002c3c                HAL_RCCEx_GetPeriphCLKFreq
 .text.SAI_Disable
                0x08003128       0x3a Drivers/STM32L4xx_HAL_Driver/stm32l4xx_hal_sai.o
 *fill*         0x08003162        0x2 
 .text.HAL_SAI_Init
                0x08003164      0x1a4 Drivers/STM32L4xx_HAL_Driver/stm32l4xx_hal_sai.o
                0x08003164                HAL_SAI_Init
 .text.HAL_SPI_Init
                0x08003308       0xa4 Drivers/STM32L4xx_HAL_Driver/stm32l4xx_hal_spi.o
                0x08003308                HAL_SPI_Init
 .text.HAL_TIM_Base_MspInit
                0x080033ac        0x2 Drivers/STM32L4xx_HAL_Driver/stm32l4xx_hal_tim.o
                0x080033ac                HAL_TIM_Base_MspInit
 .text.HAL_TIM_Base_Start_IT
                0x080033ae       0x16 Drivers/STM32L4xx_HAL_Driver/stm32l4xx_hal_tim.o
                0x080033ae                HAL_TIM_Base_Start_IT
 .text.HAL_TIM_OC_DelayElapsedCallback
                0x080033c4        0x2 Drivers/STM32L4xx_HAL_Driver/stm32l4xx_hal_tim.o
                0x080033c4                HAL_TIM_OC_DelayElapsedCallback
 .text.HAL_TIM_IC_CaptureCallback
                0x080033c6        0x2 Drivers/STM32L4xx_HAL_Driver/stm32l4xx_hal_tim.o
                0x080033c6                HAL_TIM_IC_CaptureCallback
 .text.HAL_TIM_PWM_PulseFinishedCallback
                0x080033c8        0x2 Drivers/STM32L4xx_HAL_Driver/stm32l4xx_hal_tim.o
                0x080033c8                HAL_TIM_PWM_PulseFinishedCallback
 .text.HAL_TIM_TriggerCallback
                0x080033ca        0x2 Drivers/STM32L4xx_HAL_Driver/stm32l4xx_hal_tim.o
                0x080033ca                HAL_TIM_TriggerCallback
 .text.HAL_TIM_IRQHandler
                0x080033cc      0x144 Drivers/STM32L4xx_HAL_Driver/stm32l4xx_hal_tim.o
                0x080033cc                HAL_TIM_IRQHandler
 .text.TIM_Base_SetConfig
                0x08003510       0xc4 Drivers/STM32L4xx_HAL_Driver/stm32l4xx_hal_tim.o
                0x08003510                TIM_Base_SetConfig
 .text.HAL_TIM_Base_Init
                0x080035d4       0x34 Drivers/STM32L4xx_HAL_Driver/stm32l4xx_hal_tim.o
                0x080035d4                HAL_TIM_Base_Init
 .text.HAL_TIMEx_CommutationCallback
                0x08003608        0x2 Drivers/STM32L4xx_HAL_Driver/stm32l4xx_hal_tim_ex.o
                0x08003608                HAL_TIMEx_CommutationCallback
 .text.HAL_TIMEx_BreakCallback
                0x0800360a        0x2 Drivers/STM32L4xx_HAL_Driver/stm32l4xx_hal_tim_ex.o
                0x0800360a                HAL_TIMEx_BreakCallback
 .text.UART_SetConfig
                0x0800360c      0x2f4 Drivers/STM32L4xx_HAL_Driver/stm32l4xx_hal_uart.o
                0x0800360c                UART_SetConfig
 .text.UART_AdvFeatureConfig
                0x08003900       0xa8 Drivers/STM32L4xx_HAL_Driver/stm32l4xx_hal_uart.o
                0x08003900                UART_AdvFeatureConfig
 .text.UART_WaitOnFlagUntilTimeout
                0x080039a8       0x62 Drivers/STM32L4xx_HAL_Driver/stm32l4xx_hal_uart.o
                0x080039a8                UART_WaitOnFlagUntilTimeout
 .text.UART_CheckIdleState
                0x08003a0a       0x68 Drivers/STM32L4xx_HAL_Driver/stm32l4xx_hal_uart.o
                0x08003a0a                UART_CheckIdleState
 .text.HAL_UART_Init
                0x08003a72       0x64 Drivers/STM32L4xx_HAL_Driver/stm32l4xx_hal_uart.o
                0x08003a72                HAL_UART_Init
 .text.osSystickHandler
                0x08003ad6       0x14 Middlewares/FreeRTOS/cmsis_os.o
                0x08003ad6                osSystickHandler
 *fill*         0x08003aea        0x2 
 .text.unlikely.prvInsertBlockIntoFreeList
                0x08003aec       0x44 Middlewares/FreeRTOS/heap_4.o
 .text.pvPortMalloc
                0x08003b30      0x120 Middlewares/FreeRTOS/heap_4.o
                0x08003b30                pvPortMalloc
 .text.vPortFree
                0x08003c50       0x70 Middlewares/FreeRTOS/heap_4.o
                0x08003c50                vPortFree
 .text.vListInitialise
                0x08003cc0       0x16 Middlewares/FreeRTOS/list.o
                0x08003cc0                vListInitialise
 .text.vListInitialiseItem
                0x08003cd6        0x6 Middlewares/FreeRTOS/list.o
                0x08003cd6                vListInitialiseItem
 .text.vListInsertEnd
                0x08003cdc       0x18 Middlewares/FreeRTOS/list.o
                0x08003cdc                vListInsertEnd
 .text.vListInsert
                0x08003cf4       0x30 Middlewares/FreeRTOS/list.o
                0x08003cf4                vListInsert
 .text.uxListRemove
                0x08003d24       0x20 Middlewares/FreeRTOS/list.o
                0x08003d24                uxListRemove
 .text.prvTaskExitError
                0x08003d44       0x30 Middlewares/FreeRTOS/port.o
 .text.prvPortStartFirstTask
                0x08003d74       0x20 Middlewares/FreeRTOS/port.o
 .text.vPortEnableVFP
                0x08003d94       0x14 Middlewares/FreeRTOS/port.o
 .text.pxPortInitialiseStack
                0x08003da8       0x24 Middlewares/FreeRTOS/port.o
                0x08003da8                pxPortInitialiseStack
 .text.SVC_Handler
                0x08003dcc       0x20 Middlewares/FreeRTOS/port.o
                0x08003dcc                SVC_Handler
 .text.vPortEnterCritical
                0x08003dec       0x44 Middlewares/FreeRTOS/port.o
                0x08003dec                vPortEnterCritical
 .text.vPortExitCritical
                0x08003e30       0x28 Middlewares/FreeRTOS/port.o
                0x08003e30                vPortExitCritical
 .text.PendSV_Handler
                0x08003e58       0x60 Middlewares/FreeRTOS/port.o
                0x08003e58                PendSV_Handler
 .text.xPortSysTickHandler
                0x08003eb8       0x30 Middlewares/FreeRTOS/port.o
                0x08003eb8                xPortSysTickHandler
 .text.vPortSetupTimerInterrupt
                0x08003ee8       0x28 Middlewares/FreeRTOS/port.o
                0x08003ee8                vPortSetupTimerInterrupt
 .text.xPortStartScheduler
                0x08003f10       0xe4 Middlewares/FreeRTOS/port.o
                0x08003f10                xPortStartScheduler
 .text.prvResetNextTaskUnblockTime
                0x08003ff4       0x20 Middlewares/FreeRTOS/tasks.o
 .text.prvAddCurrentTaskToDelayedList
                0x08004014       0x38 Middlewares/FreeRTOS/tasks.o
 .text.xTaskGenericCreate.part.5
                0x0800404c      0x1a0 Middlewares/FreeRTOS/tasks.o
 .text.xTaskGenericCreate
                0x080041ec       0x3c Middlewares/FreeRTOS/tasks.o
                0x080041ec                xTaskGenericCreate
 .text.vTaskStartScheduler
                0x08004228       0x68 Middlewares/FreeRTOS/tasks.o
                0x08004228                vTaskStartScheduler
 .text.vTaskSuspendAll
                0x08004290       0x14 Middlewares/FreeRTOS/tasks.o
                0x08004290                vTaskSuspendAll
 .text.pcTaskGetTaskName
                0x080042a4       0x24 Middlewares/FreeRTOS/tasks.o
                0x080042a4                pcTaskGetTaskName
 .text.xTaskIncrementTick
                0x080042c8       0xf4 Middlewares/FreeRTOS/tasks.o
                0x080042c8                xTaskIncrementTick
 .text.xTaskResumeAll
                0x080043bc       0xe8 Middlewares/FreeRTOS/tasks.o
                0x080043bc                xTaskResumeAll
 .text.vTaskDelayUntil
                0x080044a4       0xb8 Middlewares/FreeRTOS/tasks.o
                0x080044a4                vTaskDelayUntil
 .text.prvIdleTask
                0x0800455c       0x70 Middlewares/FreeRTOS/tasks.o
 .text.vTaskSwitchContext
                0x080045cc       0x80 Middlewares/FreeRTOS/tasks.o
                0x080045cc                vTaskSwitchContext
 .text.xTaskGetSchedulerState
                0x0800464c       0x20 Middlewares/FreeRTOS/tasks.o
                0x0800464c                xTaskGetSchedulerState
 .text.__libc_init_array
                0x0800466c       0x4c /home/ale/.Ac6/SystemWorkbench/plugins/fr.ac6.mcu.externaltools.arm-none.linux64_1.7.0.201602291252/tools/compiler/bin/../lib/gcc/arm-none-eabi/5.2.1/../../../../arm-none-eabi/lib/armv7e-m/fpu/libc_nano.a(lib_a-init.o)
                0x0800466c                __libc_init_array
 .text.memset   0x080046b8       0x10 /home/ale/.Ac6/SystemWorkbench/plugins/fr.ac6.mcu.externaltools.arm-none.linux64_1.7.0.201602291252/tools/compiler/bin/../lib/gcc/arm-none-eabi/5.2.1/../../../../arm-none-eabi/lib/armv7e-m/fpu/libc_nano.a(lib_a-memset.o)
                0x080046b8                memset
 *(.glue_7)
 .glue_7        0x080046c8        0x0 linker stubs
 *(.glue_7t)
 .glue_7t       0x080046c8        0x0 linker stubs
 *(.eh_frame)
 .eh_frame      0x080046c8        0x0 /home/ale/.Ac6/SystemWorkbench/plugins/fr.ac6.mcu.externaltools.arm-none.linux64_1.7.0.201602291252/tools/compiler/bin/../lib/gcc/arm-none-eabi/5.2.1/armv7e-m/fpu/crtbegin.o
 *(.init)
 .init          0x080046c8        0x4 /home/ale/.Ac6/SystemWorkbench/plugins/fr.ac6.mcu.externaltools.arm-none.linux64_1.7.0.201602291252/tools/compiler/bin/../lib/gcc/arm-none-eabi/5.2.1/armv7e-m/fpu/crti.o
                0x080046c8                _init
 .init          0x080046cc        0x8 /home/ale/.Ac6/SystemWorkbench/plugins/fr.ac6.mcu.externaltools.arm-none.linux64_1.7.0.201602291252/tools/compiler/bin/../lib/gcc/arm-none-eabi/5.2.1/armv7e-m/fpu/crtn.o
 *(.fini)
 .fini          0x080046d4        0x4 /home/ale/.Ac6/SystemWorkbench/plugins/fr.ac6.mcu.externaltools.arm-none.linux64_1.7.0.201602291252/tools/compiler/bin/../lib/gcc/arm-none-eabi/5.2.1/armv7e-m/fpu/crti.o
                0x080046d4                _fini
 .fini          0x080046d8        0x8 /home/ale/.Ac6/SystemWorkbench/plugins/fr.ac6.mcu.externaltools.arm-none.linux64_1.7.0.201602291252/tools/compiler/bin/../lib/gcc/arm-none-eabi/5.2.1/armv7e-m/fpu/crtn.o
                0x080046e0                . = ALIGN (0x8)
                0x080046e0                _etext = .

.vfp11_veneer   0x080046e0        0x0
 .vfp11_veneer  0x080046e0        0x0 linker stubs

.v4_bx          0x080046e0        0x0
 .v4_bx         0x080046e0        0x0 linker stubs

.iplt           0x080046e0        0x0
 .iplt          0x080046e0        0x0 /home/ale/.Ac6/SystemWorkbench/plugins/fr.ac6.mcu.externaltools.arm-none.linux64_1.7.0.201602291252/tools/compiler/bin/../lib/gcc/arm-none-eabi/5.2.1/armv7e-m/fpu/crtbegin.o

.rodata         0x080046e0       0x60
                0x080046e0                . = ALIGN (0x8)
 *(.rodata)
 .rodata        0x080046e0       0x48 Drivers/CMSIS/system_stm32l4xx.o
                0x080046e0                MSIRangeTable
                0x08004710                AHBPrescTable
                0x08004720                APBPrescTable
 .rodata        0x08004728       0x11 Drivers/STM32L4xx_HAL_Driver/stm32l4xx_hal_uart.o
 *(.rodata*)
 .rodata.str1.1
                0x08004739        0x5 Middlewares/FreeRTOS/tasks.o
                0x08004740                . = ALIGN (0x8)
 *fill*         0x0800473e        0x2 

.ARM.extab      0x08004740        0x0
                0x08004740                . = ALIGN (0x8)
 *(.ARM.extab* .gnu.linkonce.armextab.*)
                0x08004740                . = ALIGN (0x8)

.ARM            0x08004740        0x8
                0x08004740                . = ALIGN (0x8)
                0x08004740                __exidx_start = .
 *(.ARM.exidx*)
 .ARM.exidx     0x08004740        0x8 /home/ale/.Ac6/SystemWorkbench/plugins/fr.ac6.mcu.externaltools.arm-none.linux64_1.7.0.201602291252/tools/compiler/bin/../lib/gcc/arm-none-eabi/5.2.1/armv7e-m/fpu/libgcc.a(_udivmoddi4.o)
                0x08004748                __exidx_end = .
                0x08004748                . = ALIGN (0x8)

.rel.dyn        0x08004748        0x0
 .rel.iplt      0x08004748        0x0 /home/ale/.Ac6/SystemWorkbench/plugins/fr.ac6.mcu.externaltools.arm-none.linux64_1.7.0.201602291252/tools/compiler/bin/../lib/gcc/arm-none-eabi/5.2.1/armv7e-m/fpu/crtbegin.o

.preinit_array  0x08004748        0x0
                0x08004748                . = ALIGN (0x8)
                0x08004748                PROVIDE (__preinit_array_start, .)
 *(.preinit_array*)
                0x08004748                PROVIDE (__preinit_array_end, .)
                0x08004748                . = ALIGN (0x8)

.init_array     0x08004748        0x8
                0x08004748                . = ALIGN (0x8)
                0x08004748                PROVIDE (__init_array_start, .)
 *(SORT(.init_array.*))
 *(.init_array*)
 .init_array    0x08004748        0x4 /home/ale/.Ac6/SystemWorkbench/plugins/fr.ac6.mcu.externaltools.arm-none.linux64_1.7.0.201602291252/tools/compiler/bin/../lib/gcc/arm-none-eabi/5.2.1/armv7e-m/fpu/crtbegin.o
                0x0800474c                PROVIDE (__init_array_end, .)
                0x08004750                . = ALIGN (0x8)
 *fill*         0x0800474c        0x4 

.fini_array     0x08004750        0x8
                0x08004750                . = ALIGN (0x8)
                [!provide]                PROVIDE (__fini_array_start, .)
 *(SORT(.fini_array.*))
 *(.fini_array*)
 .fini_array    0x08004750        0x4 /home/ale/.Ac6/SystemWorkbench/plugins/fr.ac6.mcu.externaltools.arm-none.linux64_1.7.0.201602291252/tools/compiler/bin/../lib/gcc/arm-none-eabi/5.2.1/armv7e-m/fpu/crtbegin.o
                [!provide]                PROVIDE (__fini_array_end, .)
                0x08004758                . = ALIGN (0x8)
 *fill*         0x08004754        0x4 
                0x08004758                _sidata = LOADADDR (.data)

.data           0x20000000        0x8 load address 0x08004758
                0x20000000                . = ALIGN (0x8)
                0x20000000                _sdata = .
 *(.data)
 .data          0x20000000        0x4 Drivers/CMSIS/system_stm32l4xx.o
                0x20000000                SystemCoreClock
 .data          0x20000004        0x4 Middlewares/FreeRTOS/port.o
 *(.data*)
                0x20000008                . = ALIGN (0x8)
                0x20000008                _edata = .

.jcr            0x20000008        0x0 load address 0x08004760
 .jcr           0x20000008        0x0 /home/ale/.Ac6/SystemWorkbench/plugins/fr.ac6.mcu.externaltools.arm-none.linux64_1.7.0.201602291252/tools/compiler/bin/../lib/gcc/arm-none-eabi/5.2.1/armv7e-m/fpu/crtbegin.o

.tm_clone_table
                0x20000008        0x0 load address 0x08004760
 .tm_clone_table
                0x20000008        0x0 /home/ale/.Ac6/SystemWorkbench/plugins/fr.ac6.mcu.externaltools.arm-none.linux64_1.7.0.201602291252/tools/compiler/bin/../lib/gcc/arm-none-eabi/5.2.1/armv7e-m/fpu/crtbegin.o
 .tm_clone_table
                0x20000008        0x0 /home/ale/.Ac6/SystemWorkbench/plugins/fr.ac6.mcu.externaltools.arm-none.linux64_1.7.0.201602291252/tools/compiler/bin/../lib/gcc/arm-none-eabi/5.2.1/armv7e-m/fpu/crtend.o

.igot.plt       0x20000008        0x0 load address 0x08004760
 .igot.plt      0x20000008        0x0 /home/ale/.Ac6/SystemWorkbench/plugins/fr.ac6.mcu.externaltools.arm-none.linux64_1.7.0.201602291252/tools/compiler/bin/../lib/gcc/arm-none-eabi/5.2.1/armv7e-m/fpu/crtbegin.o
                0x20000008                . = ALIGN (0x4)

.bss            0x20000008     0x10cc load address 0x08004760
                0x20000008                _sbss = .
                0x20000008                __bss_start__ = _sbss
 *(.bss)
 .bss           0x20000008       0x1c /home/ale/.Ac6/SystemWorkbench/plugins/fr.ac6.mcu.externaltools.arm-none.linux64_1.7.0.201602291252/tools/compiler/bin/../lib/gcc/arm-none-eabi/5.2.1/armv7e-m/fpu/crtbegin.o
 .bss           0x20000024       0x40 Application/User/main.o
 .bss           0x20000064        0x4 Application/User/stm32l4xx_hal_msp.o
 .bss           0x20000068      0xbd0 Middlewares/FreeRTOS/heap_4.o
 .bss           0x20000c38        0x8 Middlewares/FreeRTOS/port.o
 .bss           0x20000c40      0x128 Middlewares/FreeRTOS/tasks.o
                0x20000c48                pxCurrentTCB
 *(.bss*)
 *(COMMON)
 COMMON         0x20000d68      0x32c Application/User/main.o
                0x20000d68                hspi2
                0x20000dcc                hi2c1
                0x20000e18                hi2c2
                0x20000e64                hsai_BlockB1
                0x20000ee8                hlcd
                0x20000f24                hsai_BlockA1
                0x20000fa8                huart2
                0x20001018                hcan1
                0x20001058                hqspi
 COMMON         0x20001094       0x3c Application/User/stm32l4xx_hal_timebase_TIM.o
                0x20001094                htim4
 COMMON         0x200010d0        0x4 Drivers/STM32L4xx_HAL_Driver/stm32l4xx_hal.o
                0x200010d0                uwTick
                0x200010d4                . = ALIGN (0x4)
                0x200010d4                _ebss = .
                0x200010d4                __bss_end__ = _ebss

._user_heap_stack
                0x200010d4      0x604 load address 0x08004760
                0x200010d8                . = ALIGN (0x8)
 *fill*         0x200010d4        0x4 
                [!provide]                PROVIDE (end, .)
                [!provide]                PROVIDE (_end, .)
                0x200012d8                . = (. + _Min_Heap_Size)
 *fill*         0x200010d8      0x200 
                0x200016d8                . = (. + _Min_Stack_Size)
 *fill*         0x200012d8      0x400 
                0x200016d8                . = ALIGN (0x8)

/DISCARD/
 libc.a(*)
 libm.a(*)
 libgcc.a(*)

.ARM.attributes
                0x00000000       0x30
 *(.ARM.attributes)
 .ARM.attributes
                0x00000000       0x22 /home/ale/.Ac6/SystemWorkbench/plugins/fr.ac6.mcu.externaltools.arm-none.linux64_1.7.0.201602291252/tools/compiler/bin/../lib/gcc/arm-none-eabi/5.2.1/armv7e-m/fpu/crti.o
 .ARM.attributes
                0x00000022       0x34 /home/ale/.Ac6/SystemWorkbench/plugins/fr.ac6.mcu.externaltools.arm-none.linux64_1.7.0.201602291252/tools/compiler/bin/../lib/gcc/arm-none-eabi/5.2.1/armv7e-m/fpu/crtbegin.o
 .ARM.attributes
                0x00000056       0x21 Application/SW4STM32/startup_stm32l476xx.o
 .ARM.attributes
                0x00000077       0x39 Application/User/freertos.o
 .ARM.attributes
                0x000000b0       0x39 Application/User/main.o
 .ARM.attributes
                0x000000e9       0x39 Application/User/stm32l4xx_hal_msp.o
 .ARM.attributes
                0x00000122       0x39 Application/User/stm32l4xx_hal_timebase_TIM.o
 .ARM.attributes
                0x0000015b       0x39 Application/User/stm32l4xx_it.o
 .ARM.attributes
                0x00000194       0x39 Drivers/CMSIS/system_stm32l4xx.o
 .ARM.attributes
                0x000001cd       0x39 Drivers/STM32L4xx_HAL_Driver/stm32l4xx_hal.o
 .ARM.attributes
                0x00000206       0x39 Drivers/STM32L4xx_HAL_Driver/stm32l4xx_hal_can.o
 .ARM.attributes
                0x0000023f       0x39 Drivers/STM32L4xx_HAL_Driver/stm32l4xx_hal_cortex.o
 .ARM.attributes
                0x00000278       0x39 Drivers/STM32L4xx_HAL_Driver/stm32l4xx_hal_gpio.o
 .ARM.attributes
                0x000002b1       0x39 Drivers/STM32L4xx_HAL_Driver/stm32l4xx_hal_i2c.o
 .ARM.attributes
                0x000002ea       0x39 Drivers/STM32L4xx_HAL_Driver/stm32l4xx_hal_i2c_ex.o
 .ARM.attributes
                0x00000323       0x39 Drivers/STM32L4xx_HAL_Driver/stm32l4xx_hal_lcd.o
 .ARM.attributes
                0x0000035c       0x39 Drivers/STM32L4xx_HAL_Driver/stm32l4xx_hal_pwr_ex.o
 .ARM.attributes
                0x00000395       0x39 Drivers/STM32L4xx_HAL_Driver/stm32l4xx_hal_qspi.o
 .ARM.attributes
                0x000003ce       0x39 Drivers/STM32L4xx_HAL_Driver/stm32l4xx_hal_rcc.o
 .ARM.attributes
                0x00000407       0x39 Drivers/STM32L4xx_HAL_Driver/stm32l4xx_hal_rcc_ex.o
 .ARM.attributes
                0x00000440       0x39 Drivers/STM32L4xx_HAL_Driver/stm32l4xx_hal_sai.o
 .ARM.attributes
                0x00000479       0x39 Drivers/STM32L4xx_HAL_Driver/stm32l4xx_hal_spi.o
 .ARM.attributes
                0x000004b2       0x39 Drivers/STM32L4xx_HAL_Driver/stm32l4xx_hal_tim.o
 .ARM.attributes
                0x000004eb       0x39 Drivers/STM32L4xx_HAL_Driver/stm32l4xx_hal_tim_ex.o
 .ARM.attributes
                0x00000524       0x39 Drivers/STM32L4xx_HAL_Driver/stm32l4xx_hal_uart.o
 .ARM.attributes
                0x0000055d       0x39 Middlewares/FreeRTOS/cmsis_os.o
 .ARM.attributes
                0x00000596       0x39 Middlewares/FreeRTOS/heap_4.o
 .ARM.attributes
                0x000005cf       0x39 Middlewares/FreeRTOS/list.o
 .ARM.attributes
                0x00000608       0x39 Middlewares/FreeRTOS/port.o
 .ARM.attributes
                0x00000641       0x39 Middlewares/FreeRTOS/tasks.o
 .ARM.attributes
                0x0000067a       0x22 /home/ale/.Ac6/SystemWorkbench/plugins/fr.ac6.mcu.externaltools.arm-none.linux64_1.7.0.201602291252/tools/compiler/bin/../lib/gcc/arm-none-eabi/5.2.1/armv7e-m/fpu/libgcc.a(_aeabi_uldivmod.o)
 .ARM.attributes
                0x0000069c       0x34 /home/ale/.Ac6/SystemWorkbench/plugins/fr.ac6.mcu.externaltools.arm-none.linux64_1.7.0.201602291252/tools/compiler/bin/../lib/gcc/arm-none-eabi/5.2.1/armv7e-m/fpu/libgcc.a(_udivmoddi4.o)
 .ARM.attributes
                0x000006d0       0x22 /home/ale/.Ac6/SystemWorkbench/plugins/fr.ac6.mcu.externaltools.arm-none.linux64_1.7.0.201602291252/tools/compiler/bin/../lib/gcc/arm-none-eabi/5.2.1/armv7e-m/fpu/libgcc.a(_dvmd_tls.o)
 .ARM.attributes
                0x000006f2       0x34 /home/ale/.Ac6/SystemWorkbench/plugins/fr.ac6.mcu.externaltools.arm-none.linux64_1.7.0.201602291252/tools/compiler/bin/../lib/gcc/arm-none-eabi/5.2.1/../../../../arm-none-eabi/lib/armv7e-m/fpu/libc_nano.a(lib_a-init.o)
 .ARM.attributes
                0x00000726       0x34 /home/ale/.Ac6/SystemWorkbench/plugins/fr.ac6.mcu.externaltools.arm-none.linux64_1.7.0.201602291252/tools/compiler/bin/../lib/gcc/arm-none-eabi/5.2.1/../../../../arm-none-eabi/lib/armv7e-m/fpu/libc_nano.a(lib_a-memset.o)
 .ARM.attributes
                0x0000075a       0x34 /home/ale/.Ac6/SystemWorkbench/plugins/fr.ac6.mcu.externaltools.arm-none.linux64_1.7.0.201602291252/tools/compiler/bin/../lib/gcc/arm-none-eabi/5.2.1/armv7e-m/fpu/crtend.o
 .ARM.attributes
                0x0000078e       0x22 /home/ale/.Ac6/SystemWorkbench/plugins/fr.ac6.mcu.externaltools.arm-none.linux64_1.7.0.201602291252/tools/compiler/bin/../lib/gcc/arm-none-eabi/5.2.1/armv7e-m/fpu/crtn.o
OUTPUT(PFSDTR-L4.elf elf32-littlearm)

.debug_line     0x00000000    0x15584
 .debug_line    0x00000000       0xde Application/SW4STM32/startup_stm32l476xx.o
 .debug_line    0x000000de      0x4c4 Application/User/freertos.o
 .debug_line    0x000005a2      0xcaa Application/User/main.o
 .debug_line    0x0000124c      0xada Application/User/stm32l4xx_hal_msp.o
 .debug_line    0x00001d26      0x8f8 Application/User/stm32l4xx_hal_timebase_TIM.o
 .debug_line    0x0000261e      0xaeb Application/User/stm32l4xx_it.o
 .debug_line    0x00003109      0x919 Drivers/CMSIS/system_stm32l4xx.o
 .debug_line    0x00003a22      0xac4 Drivers/STM32L4xx_HAL_Driver/stm32l4xx_hal.o
 .debug_line    0x000044e6      0xc8a Drivers/STM32L4xx_HAL_Driver/stm32l4xx_hal_can.o
 .debug_line    0x00005170      0xab5 Drivers/STM32L4xx_HAL_Driver/stm32l4xx_hal_cortex.o
 .debug_line    0x00005c25      0xa72 Drivers/STM32L4xx_HAL_Driver/stm32l4xx_hal_gpio.o
 .debug_line    0x00006697     0x1b8e Drivers/STM32L4xx_HAL_Driver/stm32l4xx_hal_i2c.o
 .debug_line    0x00008225      0x9f6 Drivers/STM32L4xx_HAL_Driver/stm32l4xx_hal_i2c_ex.o
 .debug_line    0x00008c1b      0xa29 Drivers/STM32L4xx_HAL_Driver/stm32l4xx_hal_lcd.o
 .debug_line    0x00009644      0xc1f Drivers/STM32L4xx_HAL_Driver/stm32l4xx_hal_pwr_ex.o
 .debug_line    0x0000a263      0xf45 Drivers/STM32L4xx_HAL_Driver/stm32l4xx_hal_qspi.o
 .debug_line    0x0000b1a8      0xca4 Drivers/STM32L4xx_HAL_Driver/stm32l4xx_hal_rcc.o
 .debug_line    0x0000be4c      0xee5 Drivers/STM32L4xx_HAL_Driver/stm32l4xx_hal_rcc_ex.o
 .debug_line    0x0000cd31     0x106d Drivers/STM32L4xx_HAL_Driver/stm32l4xx_hal_sai.o
 .debug_line    0x0000dd9e     0x126d Drivers/STM32L4xx_HAL_Driver/stm32l4xx_hal_spi.o
 .debug_line    0x0000f00b     0x18c1 Drivers/STM32L4xx_HAL_Driver/stm32l4xx_hal_tim.o
 .debug_line    0x000108cc      0xd58 Drivers/STM32L4xx_HAL_Driver/stm32l4xx_hal_tim_ex.o
 .debug_line    0x00011624     0x12b4 Drivers/STM32L4xx_HAL_Driver/stm32l4xx_hal_uart.o
 .debug_line    0x000128d8      0xb69 Middlewares/FreeRTOS/cmsis_os.o
 .debug_line    0x00013441      0x68f Middlewares/FreeRTOS/heap_4.o
 .debug_line    0x00013ad0      0x5ce Middlewares/FreeRTOS/list.o
 .debug_line    0x0001409e      0x5e8 Middlewares/FreeRTOS/port.o
 .debug_line    0x00014686      0xefe Middlewares/FreeRTOS/tasks.o

.debug_info     0x00000000    0x20331
 .debug_info    0x00000000       0xf1 Application/SW4STM32/startup_stm32l476xx.o
 .debug_info    0x000000f1       0xd5 Application/User/freertos.o
 .debug_info    0x000001c6     0x2edd Application/User/main.o
 .debug_info    0x000030a3     0x249e Application/User/stm32l4xx_hal_msp.o
 .debug_info    0x00005541      0xbbf Application/User/stm32l4xx_hal_timebase_TIM.o
 .debug_info    0x00006100      0xae1 Application/User/stm32l4xx_it.o
 .debug_info    0x00006be1      0x593 Drivers/CMSIS/system_stm32l4xx.o
 .debug_info    0x00007174      0xb33 Drivers/STM32L4xx_HAL_Driver/stm32l4xx_hal.o
 .debug_info    0x00007ca7      0xb11 Drivers/STM32L4xx_HAL_Driver/stm32l4xx_hal_can.o
 .debug_info    0x000087b8      0xe74 Drivers/STM32L4xx_HAL_Driver/stm32l4xx_hal_cortex.o
 .debug_info    0x0000962c      0x7ef Drivers/STM32L4xx_HAL_Driver/stm32l4xx_hal_gpio.o
 .debug_info    0x00009e1b     0x2f3b Drivers/STM32L4xx_HAL_Driver/stm32l4xx_hal_i2c.o
 .debug_info    0x0000cd56      0x9c4 Drivers/STM32L4xx_HAL_Driver/stm32l4xx_hal_i2c_ex.o
 .debug_info    0x0000d71a      0x5cb Drivers/STM32L4xx_HAL_Driver/stm32l4xx_hal_lcd.o
 .debug_info    0x0000dce5      0x9f1 Drivers/STM32L4xx_HAL_Driver/stm32l4xx_hal_pwr_ex.o
 .debug_info    0x0000e6d6     0x17b1 Drivers/STM32L4xx_HAL_Driver/stm32l4xx_hal_qspi.o
 .debug_info    0x0000fe87     0x10df Drivers/STM32L4xx_HAL_Driver/stm32l4xx_hal_rcc.o
 .debug_info    0x00010f66     0x166b Drivers/STM32L4xx_HAL_Driver/stm32l4xx_hal_rcc_ex.o
 .debug_info    0x000125d1     0x1487 Drivers/STM32L4xx_HAL_Driver/stm32l4xx_hal_sai.o
 .debug_info    0x00013a58     0x1e3b Drivers/STM32L4xx_HAL_Driver/stm32l4xx_hal_spi.o
 .debug_info    0x00015893     0x2efc Drivers/STM32L4xx_HAL_Driver/stm32l4xx_hal_tim.o
 .debug_info    0x0001878f     0x1145 Drivers/STM32L4xx_HAL_Driver/stm32l4xx_hal_tim_ex.o
 .debug_info    0x000198d4     0x19cf Drivers/STM32L4xx_HAL_Driver/stm32l4xx_hal_uart.o
 .debug_info    0x0001b2a3     0x1b4e Middlewares/FreeRTOS/cmsis_os.o
 .debug_info    0x0001cdf1      0x4b1 Middlewares/FreeRTOS/heap_4.o
 .debug_info    0x0001d2a2      0x2a1 Middlewares/FreeRTOS/list.o
 .debug_info    0x0001d543      0x557 Middlewares/FreeRTOS/port.o
 .debug_info    0x0001da9a     0x2897 Middlewares/FreeRTOS/tasks.o

.debug_abbrev   0x00000000     0x40f8
 .debug_abbrev  0x00000000       0x12 Application/SW4STM32/startup_stm32l476xx.o
 .debug_abbrev  0x00000012       0x89 Application/User/freertos.o
 .debug_abbrev  0x0000009b      0x384 Application/User/main.o
 .debug_abbrev  0x0000041f      0x21b Application/User/stm32l4xx_hal_msp.o
 .debug_abbrev  0x0000063a      0x1d2 Application/User/stm32l4xx_hal_timebase_TIM.o
 .debug_abbrev  0x0000080c      0x192 Application/User/stm32l4xx_it.o
 .debug_abbrev  0x0000099e      0x125 Drivers/CMSIS/system_stm32l4xx.o
 .debug_abbrev  0x00000ac3      0x1fb Drivers/STM32L4xx_HAL_Driver/stm32l4xx_hal.o
 .debug_abbrev  0x00000cbe      0x28f Drivers/STM32L4xx_HAL_Driver/stm32l4xx_hal_can.o
 .debug_abbrev  0x00000f4d      0x316 Drivers/STM32L4xx_HAL_Driver/stm32l4xx_hal_cortex.o
 .debug_abbrev  0x00001263      0x1cb Drivers/STM32L4xx_HAL_Driver/stm32l4xx_hal_gpio.o
 .debug_abbrev  0x0000142e      0x31a Drivers/STM32L4xx_HAL_Driver/stm32l4xx_hal_i2c.o
 .debug_abbrev  0x00001748      0x183 Drivers/STM32L4xx_HAL_Driver/stm32l4xx_hal_i2c_ex.o
 .debug_abbrev  0x000018cb      0x1da Drivers/STM32L4xx_HAL_Driver/stm32l4xx_hal_lcd.o
 .debug_abbrev  0x00001aa5      0x25f Drivers/STM32L4xx_HAL_Driver/stm32l4xx_hal_pwr_ex.o
 .debug_abbrev  0x00001d04      0x327 Drivers/STM32L4xx_HAL_Driver/stm32l4xx_hal_qspi.o
 .debug_abbrev  0x0000202b      0x2cd Drivers/STM32L4xx_HAL_Driver/stm32l4xx_hal_rcc.o
 .debug_abbrev  0x000022f8      0x2cd Drivers/STM32L4xx_HAL_Driver/stm32l4xx_hal_rcc_ex.o
 .debug_abbrev  0x000025c5      0x31b Drivers/STM32L4xx_HAL_Driver/stm32l4xx_hal_sai.o
 .debug_abbrev  0x000028e0      0x307 Drivers/STM32L4xx_HAL_Driver/stm32l4xx_hal_spi.o
 .debug_abbrev  0x00002be7      0x313 Drivers/STM32L4xx_HAL_Driver/stm32l4xx_hal_tim.o
 .debug_abbrev  0x00002efa      0x273 Drivers/STM32L4xx_HAL_Driver/stm32l4xx_hal_tim_ex.o
 .debug_abbrev  0x0000316d      0x336 Drivers/STM32L4xx_HAL_Driver/stm32l4xx_hal_uart.o
 .debug_abbrev  0x000034a3      0x37c Middlewares/FreeRTOS/cmsis_os.o
 .debug_abbrev  0x0000381f      0x24d Middlewares/FreeRTOS/heap_4.o
 .debug_abbrev  0x00003a6c       0xdd Middlewares/FreeRTOS/list.o
 .debug_abbrev  0x00003b49      0x21c Middlewares/FreeRTOS/port.o
 .debug_abbrev  0x00003d65      0x393 Middlewares/FreeRTOS/tasks.o

.debug_aranges  0x00000000     0x1640
 .debug_aranges
                0x00000000       0x28 Application/SW4STM32/startup_stm32l476xx.o
 .debug_aranges
                0x00000028       0x28 Application/User/freertos.o
 .debug_aranges
                0x00000050       0x58 Application/User/main.o
 .debug_aranges
                0x000000a8       0x90 Application/User/stm32l4xx_hal_msp.o
 .debug_aranges
                0x00000138       0x30 Application/User/stm32l4xx_hal_timebase_TIM.o
 .debug_aranges
                0x00000168       0x30 Application/User/stm32l4xx_it.o
 .debug_aranges
                0x00000198       0x28 Drivers/CMSIS/system_stm32l4xx.o
 .debug_aranges
                0x000001c0       0xf8 Drivers/STM32L4xx_HAL_Driver/stm32l4xx_hal.o
 .debug_aranges
                0x000002b8       0x88 Drivers/STM32L4xx_HAL_Driver/stm32l4xx_hal_can.o
 .debug_aranges
                0x00000340       0x98 Drivers/STM32L4xx_HAL_Driver/stm32l4xx_hal_cortex.o
 .debug_aranges
                0x000003d8       0x58 Drivers/STM32L4xx_HAL_Driver/stm32l4xx_hal_gpio.o
 .debug_aranges
                0x00000430      0x200 Drivers/STM32L4xx_HAL_Driver/stm32l4xx_hal_i2c.o
 .debug_aranges
                0x00000630       0x48 Drivers/STM32L4xx_HAL_Driver/stm32l4xx_hal_i2c_ex.o
 .debug_aranges
                0x00000678       0x60 Drivers/STM32L4xx_HAL_Driver/stm32l4xx_hal_lcd.o
 .debug_aranges
                0x000006d8      0x130 Drivers/STM32L4xx_HAL_Driver/stm32l4xx_hal_pwr_ex.o
 .debug_aranges
                0x00000808      0x108 Drivers/STM32L4xx_HAL_Driver/stm32l4xx_hal_qspi.o
 .debug_aranges
                0x00000910       0x88 Drivers/STM32L4xx_HAL_Driver/stm32l4xx_hal_rcc.o
 .debug_aranges
                0x00000998       0xb8 Drivers/STM32L4xx_HAL_Driver/stm32l4xx_hal_rcc_ex.o
 .debug_aranges
                0x00000a50      0x140 Drivers/STM32L4xx_HAL_Driver/stm32l4xx_hal_sai.o
 .debug_aranges
                0x00000b90      0x198 Drivers/STM32L4xx_HAL_Driver/stm32l4xx_hal_spi.o
 .debug_aranges
                0x00000d28      0x268 Drivers/STM32L4xx_HAL_Driver/stm32l4xx_hal_tim.o
 .debug_aranges
                0x00000f90      0x100 Drivers/STM32L4xx_HAL_Driver/stm32l4xx_hal_tim_ex.o
 .debug_aranges
                0x00001090      0x188 Drivers/STM32L4xx_HAL_Driver/stm32l4xx_hal_uart.o
 .debug_aranges
                0x00001218      0x180 Middlewares/FreeRTOS/cmsis_os.o
 .debug_aranges
                0x00001398       0x48 Middlewares/FreeRTOS/heap_4.o
 .debug_aranges
                0x000013e0       0x40 Middlewares/FreeRTOS/list.o
 .debug_aranges
                0x00001420       0x80 Middlewares/FreeRTOS/port.o
 .debug_aranges
                0x000014a0      0x1a0 Middlewares/FreeRTOS/tasks.o

.debug_ranges   0x00000000     0x1b50
 .debug_ranges  0x00000000       0x20 Application/SW4STM32/startup_stm32l476xx.o
 .debug_ranges  0x00000020       0x18 Application/User/freertos.o
 .debug_ranges  0x00000038       0xd8 Application/User/main.o
 .debug_ranges  0x00000110      0x160 Application/User/stm32l4xx_hal_msp.o
 .debug_ranges  0x00000270       0x40 Application/User/stm32l4xx_hal_timebase_TIM.o
 .debug_ranges  0x000002b0       0x20 Application/User/stm32l4xx_it.o
 .debug_ranges  0x000002d0       0x18 Drivers/CMSIS/system_stm32l4xx.o
 .debug_ranges  0x000002e8       0xe8 Drivers/STM32L4xx_HAL_Driver/stm32l4xx_hal.o
 .debug_ranges  0x000003d0       0x78 Drivers/STM32L4xx_HAL_Driver/stm32l4xx_hal_can.o
 .debug_ranges  0x00000448      0x148 Drivers/STM32L4xx_HAL_Driver/stm32l4xx_hal_cortex.o
 .debug_ranges  0x00000590       0x68 Drivers/STM32L4xx_HAL_Driver/stm32l4xx_hal_gpio.o
 .debug_ranges  0x000005f8      0x238 Drivers/STM32L4xx_HAL_Driver/stm32l4xx_hal_i2c.o
 .debug_ranges  0x00000830       0x68 Drivers/STM32L4xx_HAL_Driver/stm32l4xx_hal_i2c_ex.o
 .debug_ranges  0x00000898       0x50 Drivers/STM32L4xx_HAL_Driver/stm32l4xx_hal_lcd.o
 .debug_ranges  0x000008e8      0x120 Drivers/STM32L4xx_HAL_Driver/stm32l4xx_hal_pwr_ex.o
 .debug_ranges  0x00000a08      0x140 Drivers/STM32L4xx_HAL_Driver/stm32l4xx_hal_qspi.o
 .debug_ranges  0x00000b48       0xc0 Drivers/STM32L4xx_HAL_Driver/stm32l4xx_hal_rcc.o
 .debug_ranges  0x00000c08      0x1b0 Drivers/STM32L4xx_HAL_Driver/stm32l4xx_hal_rcc_ex.o
 .debug_ranges  0x00000db8      0x158 Drivers/STM32L4xx_HAL_Driver/stm32l4xx_hal_sai.o
 .debug_ranges  0x00000f10      0x218 Drivers/STM32L4xx_HAL_Driver/stm32l4xx_hal_spi.o
 .debug_ranges  0x00001128      0x318 Drivers/STM32L4xx_HAL_Driver/stm32l4xx_hal_tim.o
 .debug_ranges  0x00001440       0xf0 Drivers/STM32L4xx_HAL_Driver/stm32l4xx_hal_tim_ex.o
 .debug_ranges  0x00001530      0x178 Drivers/STM32L4xx_HAL_Driver/stm32l4xx_hal_uart.o
 .debug_ranges  0x000016a8      0x188 Middlewares/FreeRTOS/cmsis_os.o
 .debug_ranges  0x00001830       0x38 Middlewares/FreeRTOS/heap_4.o
 .debug_ranges  0x00001868       0x30 Middlewares/FreeRTOS/list.o
 .debug_ranges  0x00001898       0x70 Middlewares/FreeRTOS/port.o
 .debug_ranges  0x00001908      0x248 Middlewares/FreeRTOS/tasks.o

.debug_macro    0x00000000    0x2b329
 .debug_macro   0x00000000       0xd1 Application/User/freertos.o
 .debug_macro   0x000000d1      0x89e Application/User/freertos.o
 .debug_macro   0x0000096f      0x174 Application/User/freertos.o
 .debug_macro   0x00000ae3       0x22 Application/User/freertos.o
 .debug_macro   0x00000b05       0x44 Application/User/freertos.o
 .debug_macro   0x00000b49       0xfd Application/User/freertos.o
 .debug_macro   0x00000c46       0x22 Application/User/freertos.o
 .debug_macro   0x00000c68      0x1df Application/User/freertos.o
 .debug_macro   0x00000e47      0x386 Application/User/freertos.o
 .debug_macro   0x000011cd       0xd8 Application/User/freertos.o
 .debug_macro   0x000012a5      0x15d Application/User/freertos.o
 .debug_macro   0x00001402       0xe4 Application/User/freertos.o
 .debug_macro   0x000014e6       0x10 Application/User/freertos.o
 .debug_macro   0x000014f6       0x1f Application/User/freertos.o
 .debug_macro   0x00001515      0x3df Application/User/freertos.o
 .debug_macro   0x000018f4       0xc0 Application/User/freertos.o
 .debug_macro   0x000019b4       0x9a Application/User/freertos.o
 .debug_macro   0x00001a4e      0x3de Application/User/main.o
 .debug_macro   0x00001e2c       0xca Application/User/main.o
 .debug_macro   0x00001ef6       0x2e Application/User/main.o
 .debug_macro   0x00001f24       0x28 Application/User/main.o
 .debug_macro   0x00001f4c       0x35 Application/User/main.o
 .debug_macro   0x00001f81       0x50 Application/User/main.o
 .debug_macro   0x00001fd1      0xe66 Application/User/main.o
 .debug_macro   0x00002e37    0x1a13a Application/User/main.o
 .debug_macro   0x0001cf71       0x43 Application/User/main.o
 .debug_macro   0x0001cfb4     0x3589 Application/User/main.o
 .debug_macro   0x0002053d       0x58 Application/User/main.o
 .debug_macro   0x00020595       0x35 Application/User/main.o
 .debug_macro   0x000205ca       0x9c Application/User/main.o
 .debug_macro   0x00020666       0x16 Application/User/main.o
 .debug_macro   0x0002067c       0x97 Application/User/main.o
 .debug_macro   0x00020713      0x329 Application/User/main.o
 .debug_macro   0x00020a3c       0xfd Application/User/main.o
 .debug_macro   0x00020b39       0x10 Application/User/main.o
 .debug_macro   0x00020b49       0x52 Application/User/main.o
 .debug_macro   0x00020b9b       0x16 Application/User/main.o
 .debug_macro   0x00020bb1       0x43 Application/User/main.o
 .debug_macro   0x00020bf4      0x187 Application/User/main.o
 .debug_macro   0x00020d7b       0x10 Application/User/main.o
 .debug_macro   0x00020d8b       0x22 Application/User/main.o
 .debug_macro   0x00020dad       0x3a Application/User/main.o
 .debug_macro   0x00020de7       0x10 Application/User/main.o
 .debug_macro   0x00020df7       0x40 Application/User/main.o
 .debug_macro   0x00020e37       0x65 Application/User/main.o
 .debug_macro   0x00020e9c       0x16 Application/User/main.o
 .debug_macro   0x00020eb2      0x197 Application/User/main.o
 .debug_macro   0x00021049       0x50 Application/User/main.o
 .debug_macro   0x00021099     0x1566 Application/User/main.o
 .debug_macro   0x000225ff      0x59e Application/User/main.o
 .debug_macro   0x00022b9d      0x148 Application/User/main.o
 .debug_macro   0x00022ce5      0x171 Application/User/main.o
 .debug_macro   0x00022e56      0x25d Application/User/main.o
 .debug_macro   0x000230b3      0x23a Application/User/main.o
 .debug_macro   0x000232ed      0x360 Application/User/main.o
 .debug_macro   0x0002364d      0x367 Application/User/main.o
 .debug_macro   0x000239b4       0x10 Application/User/main.o
 .debug_macro   0x000239c4       0xe4 Application/User/main.o
 .debug_macro   0x00023aa8      0x202 Application/User/main.o
 .debug_macro   0x00023caa       0x5b Application/User/main.o
 .debug_macro   0x00023d05       0x90 Application/User/main.o
 .debug_macro   0x00023d95      0x3e5 Application/User/main.o
 .debug_macro   0x0002417a      0x126 Application/User/main.o
 .debug_macro   0x000242a0      0x3dc Application/User/main.o
 .debug_macro   0x0002467c      0x2a3 Application/User/main.o
 .debug_macro   0x0002491f      0x447 Application/User/main.o
 .debug_macro   0x00024d66      0x2e2 Application/User/main.o
 .debug_macro   0x00025048      0x9c6 Application/User/main.o
 .debug_macro   0x00025a0e      0x1df Application/User/main.o
 .debug_macro   0x00025bed      0x535 Application/User/main.o
 .debug_macro   0x00026122       0x44 Application/User/main.o
 .debug_macro   0x00026166      0x31a Application/User/main.o
 .debug_macro   0x00026480       0xde Application/User/main.o
 .debug_macro   0x0002655e       0xb0 Application/User/main.o
 .debug_macro   0x0002660e      0x320 Application/User/stm32l4xx_hal_msp.o
 .debug_macro   0x0002692e      0x320 Application/User/stm32l4xx_hal_timebase_TIM.o
 .debug_macro   0x00026c4e      0x3ed Application/User/stm32l4xx_it.o
 .debug_macro   0x0002703b       0x16 Application/User/stm32l4xx_it.o
 .debug_macro   0x00027051       0x91 Application/User/stm32l4xx_it.o
 .debug_macro   0x000270e2       0x7f Application/User/stm32l4xx_it.o
 .debug_macro   0x00027161       0xcf Application/User/stm32l4xx_it.o
 .debug_macro   0x00027230      0x327 Drivers/CMSIS/system_stm32l4xx.o
 .debug_macro   0x00027557      0x36e Drivers/STM32L4xx_HAL_Driver/stm32l4xx_hal.o
 .debug_macro   0x000278c5      0x326 Drivers/STM32L4xx_HAL_Driver/stm32l4xx_hal_can.o
 .debug_macro   0x00027beb      0x320 Drivers/STM32L4xx_HAL_Driver/stm32l4xx_hal_cortex.o
 .debug_macro   0x00027f0b      0x35f Drivers/STM32L4xx_HAL_Driver/stm32l4xx_hal_gpio.o
 .debug_macro   0x0002826a      0x3ec Drivers/STM32L4xx_HAL_Driver/stm32l4xx_hal_i2c.o
 .debug_macro   0x00028656      0x320 Drivers/STM32L4xx_HAL_Driver/stm32l4xx_hal_i2c_ex.o
 .debug_macro   0x00028976      0x326 Drivers/STM32L4xx_HAL_Driver/stm32l4xx_hal_lcd.o
 .debug_macro   0x00028c9c      0x344 Drivers/STM32L4xx_HAL_Driver/stm32l4xx_hal_pwr_ex.o
 .debug_macro   0x00028fe0      0x344 Drivers/STM32L4xx_HAL_Driver/stm32l4xx_hal_qspi.o
 .debug_macro   0x00029324      0x362 Drivers/STM32L4xx_HAL_Driver/stm32l4xx_hal_rcc.o
 .debug_macro   0x00029686      0x356 Drivers/STM32L4xx_HAL_Driver/stm32l4xx_hal_rcc_ex.o
 .debug_macro   0x000299dc      0x336 Drivers/STM32L4xx_HAL_Driver/stm32l4xx_hal_sai.o
 .debug_macro   0x00029d12      0x328 Drivers/STM32L4xx_HAL_Driver/stm32l4xx_hal_spi.o
 .debug_macro   0x0002a03a      0x321 Drivers/STM32L4xx_HAL_Driver/stm32l4xx_hal_tim.o
 .debug_macro   0x0002a35b      0x332 Drivers/STM32L4xx_HAL_Driver/stm32l4xx_hal_tim_ex.o
 .debug_macro   0x0002a68d      0x332 Drivers/STM32L4xx_HAL_Driver/stm32l4xx_hal_uart.o
 .debug_macro   0x0002a9bf      0x1d7 Middlewares/FreeRTOS/cmsis_os.o
 .debug_macro   0x0002ab96       0x4a Middlewares/FreeRTOS/cmsis_os.o
 .debug_macro   0x0002abe0       0x10 Middlewares/FreeRTOS/cmsis_os.o
 .debug_macro   0x0002abf0       0x35 Middlewares/FreeRTOS/cmsis_os.o
 .debug_macro   0x0002ac25       0x26 Middlewares/FreeRTOS/cmsis_os.o
 .debug_macro   0x0002ac4b      0x19d Middlewares/FreeRTOS/heap_4.o
 .debug_macro   0x0002ade8      0x176 Middlewares/FreeRTOS/list.o
 .debug_macro   0x0002af5e      0x197 Middlewares/FreeRTOS/port.o
 .debug_macro   0x0002b0f5      0x224 Middlewares/FreeRTOS/tasks.o
 .debug_macro   0x0002b319       0x10 Middlewares/FreeRTOS/tasks.o

.debug_str      0x00000000   0x100bba
 .debug_str     0x00000000     0x7626 Application/User/freertos.o
                               0x781a (size before relaxing)
 .debug_str     0x00007626    0xf07e9 Application/User/main.o
                              0xf8309 (size before relaxing)
 .debug_str     0x000f7e0f      0x1be Application/User/stm32l4xx_hal_msp.o
                              0xf37ee (size before relaxing)
 .debug_str     0x000f7fcd      0x128 Application/User/stm32l4xx_hal_timebase_TIM.o
                              0xf2b75 (size before relaxing)
 .debug_str     0x000f80f5     0x15eb Application/User/stm32l4xx_it.o
                              0xf7c1a (size before relaxing)
 .debug_str     0x000f96e0      0x161 Drivers/CMSIS/system_stm32l4xx.o
                              0xf223e (size before relaxing)
 .debug_str     0x000f9841      0x5b3 Drivers/STM32L4xx_HAL_Driver/stm32l4xx_hal.o
                              0xf2d42 (size before relaxing)
 .debug_str     0x000f9df4      0x117 Drivers/STM32L4xx_HAL_Driver/stm32l4xx_hal_can.o
                              0xf24ee (size before relaxing)
 .debug_str     0x000f9f0b      0x31c Drivers/STM32L4xx_HAL_Driver/stm32l4xx_hal_cortex.o
                              0xf29e6 (size before relaxing)
 .debug_str     0x000fa227      0x263 Drivers/STM32L4xx_HAL_Driver/stm32l4xx_hal_gpio.o
                              0xf249e (size before relaxing)
 .debug_str     0x000fa48a      0xca0 Drivers/STM32L4xx_HAL_Driver/stm32l4xx_hal_i2c.o
                              0xf314e (size before relaxing)
 .debug_str     0x000fb12a       0xe8 Drivers/STM32L4xx_HAL_Driver/stm32l4xx_hal_i2c_ex.o
                              0xf271a (size before relaxing)
 .debug_str     0x000fb212      0x125 Drivers/STM32L4xx_HAL_Driver/stm32l4xx_hal_lcd.o
                              0xf2292 (size before relaxing)
 .debug_str     0x000fb337      0x47f Drivers/STM32L4xx_HAL_Driver/stm32l4xx_hal_pwr_ex.o
                              0xf26bf (size before relaxing)
 .debug_str     0x000fb7b6      0x60d Drivers/STM32L4xx_HAL_Driver/stm32l4xx_hal_qspi.o
                              0xf2a54 (size before relaxing)
 .debug_str     0x000fbdc3      0x32e Drivers/STM32L4xx_HAL_Driver/stm32l4xx_hal_rcc.o
                              0xf2855 (size before relaxing)
 .debug_str     0x000fc0f1      0x3dd Drivers/STM32L4xx_HAL_Driver/stm32l4xx_hal_rcc_ex.o
                              0xf29aa (size before relaxing)
 .debug_str     0x000fc4ce      0x3e6 Drivers/STM32L4xx_HAL_Driver/stm32l4xx_hal_sai.o
                              0xf28f8 (size before relaxing)
 .debug_str     0x000fc8b4      0x455 Drivers/STM32L4xx_HAL_Driver/stm32l4xx_hal_spi.o
                              0xf28d6 (size before relaxing)
 .debug_str     0x000fcd09      0xa90 Drivers/STM32L4xx_HAL_Driver/stm32l4xx_hal_tim.o
                              0xf2f36 (size before relaxing)
 .debug_str     0x000fd799      0x5b8 Drivers/STM32L4xx_HAL_Driver/stm32l4xx_hal_tim_ex.o
                              0xf2aff (size before relaxing)
 .debug_str     0x000fdd51      0x6cd Drivers/STM32L4xx_HAL_Driver/stm32l4xx_hal_uart.o
                              0xf2d7a (size before relaxing)
 .debug_str     0x000fe41e      0xa12 Middlewares/FreeRTOS/cmsis_os.o
                               0xc9e2 (size before relaxing)
 .debug_str     0x000fee30      0x3bb Middlewares/FreeRTOS/heap_4.o
                               0xa267 (size before relaxing)
 .debug_str     0x000ff1eb      0x16d Middlewares/FreeRTOS/list.o
                               0x9958 (size before relaxing)
 .debug_str     0x000ff358      0x808 Middlewares/FreeRTOS/port.o
                               0x80b6 (size before relaxing)
 .debug_str     0x000ffb60     0x105a Middlewares/FreeRTOS/tasks.o
                               0xbc66 (size before relaxing)

.comment        0x00000000       0x6e
 .comment       0x00000000       0x6e Application/User/freertos.o
                                 0x6f (size before relaxing)
 .comment       0x0000006e       0x6f Application/User/main.o
 .comment       0x0000006e       0x6f Application/User/stm32l4xx_hal_msp.o
 .comment       0x0000006e       0x6f Application/User/stm32l4xx_hal_timebase_TIM.o
 .comment       0x0000006e       0x6f Application/User/stm32l4xx_it.o
 .comment       0x0000006e       0x6f Drivers/CMSIS/system_stm32l4xx.o
 .comment       0x0000006e       0x6f Drivers/STM32L4xx_HAL_Driver/stm32l4xx_hal.o
 .comment       0x0000006e       0x6f Drivers/STM32L4xx_HAL_Driver/stm32l4xx_hal_can.o
 .comment       0x0000006e       0x6f Drivers/STM32L4xx_HAL_Driver/stm32l4xx_hal_cortex.o
 .comment       0x0000006e       0x6f Drivers/STM32L4xx_HAL_Driver/stm32l4xx_hal_gpio.o
 .comment       0x0000006e       0x6f Drivers/STM32L4xx_HAL_Driver/stm32l4xx_hal_i2c.o
 .comment       0x0000006e       0x6f Drivers/STM32L4xx_HAL_Driver/stm32l4xx_hal_i2c_ex.o
 .comment       0x0000006e       0x6f Drivers/STM32L4xx_HAL_Driver/stm32l4xx_hal_lcd.o
 .comment       0x0000006e       0x6f Drivers/STM32L4xx_HAL_Driver/stm32l4xx_hal_pwr_ex.o
 .comment       0x0000006e       0x6f Drivers/STM32L4xx_HAL_Driver/stm32l4xx_hal_qspi.o
 .comment       0x0000006e       0x6f Drivers/STM32L4xx_HAL_Driver/stm32l4xx_hal_rcc.o
 .comment       0x0000006e       0x6f Drivers/STM32L4xx_HAL_Driver/stm32l4xx_hal_rcc_ex.o
 .comment       0x0000006e       0x6f Drivers/STM32L4xx_HAL_Driver/stm32l4xx_hal_sai.o
 .comment       0x0000006e       0x6f Drivers/STM32L4xx_HAL_Driver/stm32l4xx_hal_spi.o
 .comment       0x0000006e       0x6f Drivers/STM32L4xx_HAL_Driver/stm32l4xx_hal_tim.o
 .comment       0x0000006e       0x6f Drivers/STM32L4xx_HAL_Driver/stm32l4xx_hal_tim_ex.o
 .comment       0x0000006e       0x6f Drivers/STM32L4xx_HAL_Driver/stm32l4xx_hal_uart.o
 .comment       0x0000006e       0x6f Middlewares/FreeRTOS/cmsis_os.o
 .comment       0x0000006e       0x6f Middlewares/FreeRTOS/heap_4.o
 .comment       0x0000006e       0x6f Middlewares/FreeRTOS/list.o
 .comment       0x0000006e       0x6f Middlewares/FreeRTOS/port.o
 .comment       0x0000006e       0x6f Middlewares/FreeRTOS/tasks.o

.debug_frame    0x00000000     0x4428
 .debug_frame   0x00000000       0x30 Application/User/freertos.o
 .debug_frame   0x00000030       0xe4 Application/User/main.o
 .debug_frame   0x00000114      0x194 Application/User/stm32l4xx_hal_msp.o
 .debug_frame   0x000002a8       0x50 Application/User/stm32l4xx_hal_timebase_TIM.o
 .debug_frame   0x000002f8       0x70 Application/User/stm32l4xx_it.o
 .debug_frame   0x00000368       0x3c Drivers/CMSIS/system_stm32l4xx.o
 .debug_frame   0x000003a4      0x210 Drivers/STM32L4xx_HAL_Driver/stm32l4xx_hal.o
 .debug_frame   0x000005b4      0x1b8 Drivers/STM32L4xx_HAL_Driver/stm32l4xx_hal_can.o
 .debug_frame   0x0000076c      0x130 Drivers/STM32L4xx_HAL_Driver/stm32l4xx_hal_cortex.o
 .debug_frame   0x0000089c       0xd8 Drivers/STM32L4xx_HAL_Driver/stm32l4xx_hal_gpio.o
 .debug_frame   0x00000974      0x7b0 Drivers/STM32L4xx_HAL_Driver/stm32l4xx_hal_i2c.o
 .debug_frame   0x00001124       0x90 Drivers/STM32L4xx_HAL_Driver/stm32l4xx_hal_i2c_ex.o
 .debug_frame   0x000011b4       0xf8 Drivers/STM32L4xx_HAL_Driver/stm32l4xx_hal_lcd.o
 .debug_frame   0x000012ac      0x278 Drivers/STM32L4xx_HAL_Driver/stm32l4xx_hal_pwr_ex.o
 .debug_frame   0x00001524      0x3dc Drivers/STM32L4xx_HAL_Driver/stm32l4xx_hal_qspi.o
 .debug_frame   0x00001900      0x150 Drivers/STM32L4xx_HAL_Driver/stm32l4xx_hal_rcc.o
 .debug_frame   0x00001a50      0x228 Drivers/STM32L4xx_HAL_Driver/stm32l4xx_hal_rcc_ex.o
 .debug_frame   0x00001c78      0x430 Drivers/STM32L4xx_HAL_Driver/stm32l4xx_hal_sai.o
 .debug_frame   0x000020a8      0x58c Drivers/STM32L4xx_HAL_Driver/stm32l4xx_hal_spi.o
 .debug_frame   0x00002634      0x8a8 Drivers/STM32L4xx_HAL_Driver/stm32l4xx_hal_tim.o
 .debug_frame   0x00002edc      0x37c Drivers/STM32L4xx_HAL_Driver/stm32l4xx_hal_tim_ex.o
 .debug_frame   0x00003258      0x510 Drivers/STM32L4xx_HAL_Driver/stm32l4xx_hal_uart.o
 .debug_frame   0x00003768      0x468 Middlewares/FreeRTOS/cmsis_os.o
 .debug_frame   0x00003bd0       0xa4 Middlewares/FreeRTOS/heap_4.o
 .debug_frame   0x00003c74       0x6c Middlewares/FreeRTOS/list.o
 .debug_frame   0x00003ce0       0xf0 Middlewares/FreeRTOS/port.o
 .debug_frame   0x00003dd0      0x5ac Middlewares/FreeRTOS/tasks.o
 .debug_frame   0x0000437c       0x2c /home/ale/.Ac6/SystemWorkbench/plugins/fr.ac6.mcu.externaltools.arm-none.linux64_1.7.0.201602291252/tools/compiler/bin/../lib/gcc/arm-none-eabi/5.2.1/armv7e-m/fpu/libgcc.a(_aeabi_uldivmod.o)
 .debug_frame   0x000043a8       0x34 /home/ale/.Ac6/SystemWorkbench/plugins/fr.ac6.mcu.externaltools.arm-none.linux64_1.7.0.201602291252/tools/compiler/bin/../lib/gcc/arm-none-eabi/5.2.1/armv7e-m/fpu/libgcc.a(_udivmoddi4.o)
 .debug_frame   0x000043dc       0x2c /home/ale/.Ac6/SystemWorkbench/plugins/fr.ac6.mcu.externaltools.arm-none.linux64_1.7.0.201602291252/tools/compiler/bin/../lib/gcc/arm-none-eabi/5.2.1/../../../../arm-none-eabi/lib/armv7e-m/fpu/libc_nano.a(lib_a-init.o)
 .debug_frame   0x00004408       0x20 /home/ale/.Ac6/SystemWorkbench/plugins/fr.ac6.mcu.externaltools.arm-none.linux64_1.7.0.201602291252/tools/compiler/bin/../lib/gcc/arm-none-eabi/5.2.1/../../../../arm-none-eabi/lib/armv7e-m/fpu/libc_nano.a(lib_a-memset.o)

.debug_loc      0x00000000    0x128f6
 .debug_loc     0x00000000      0x150 Application/User/main.o
 .debug_loc     0x00000150      0x258 Application/User/stm32l4xx_hal_msp.o
 .debug_loc     0x000003a8       0x94 Application/User/stm32l4xx_hal_timebase_TIM.o
 .debug_loc     0x0000043c      0x177 Drivers/CMSIS/system_stm32l4xx.o
 .debug_loc     0x000005b3       0xeb Drivers/STM32L4xx_HAL_Driver/stm32l4xx_hal.o
 .debug_loc     0x0000069e      0x4ee Drivers/STM32L4xx_HAL_Driver/stm32l4xx_hal_can.o
 .debug_loc     0x00000b8c      0x4ab Drivers/STM32L4xx_HAL_Driver/stm32l4xx_hal_cortex.o
 .debug_loc     0x00001037      0x2a2 Drivers/STM32L4xx_HAL_Driver/stm32l4xx_hal_gpio.o
 .debug_loc     0x000012d9     0x33a8 Drivers/STM32L4xx_HAL_Driver/stm32l4xx_hal_i2c.o
 .debug_loc     0x00004681      0x1b8 Drivers/STM32L4xx_HAL_Driver/stm32l4xx_hal_i2c_ex.o
 .debug_loc     0x00004839      0x33a Drivers/STM32L4xx_HAL_Driver/stm32l4xx_hal_lcd.o
 .debug_loc     0x00004b73      0x5d4 Drivers/STM32L4xx_HAL_Driver/stm32l4xx_hal_pwr_ex.o
 .debug_loc     0x00005147     0x1290 Drivers/STM32L4xx_HAL_Driver/stm32l4xx_hal_qspi.o
 .debug_loc     0x000063d7      0x685 Drivers/STM32L4xx_HAL_Driver/stm32l4xx_hal_rcc.o
 .debug_loc     0x00006a5c     0x11b3 Drivers/STM32L4xx_HAL_Driver/stm32l4xx_hal_rcc_ex.o
 .debug_loc     0x00007c0f     0x1079 Drivers/STM32L4xx_HAL_Driver/stm32l4xx_hal_sai.o
 .debug_loc     0x00008c88     0x1a94 Drivers/STM32L4xx_HAL_Driver/stm32l4xx_hal_spi.o
 .debug_loc     0x0000a71c     0x3155 Drivers/STM32L4xx_HAL_Driver/stm32l4xx_hal_tim.o
 .debug_loc     0x0000d871      0xbd5 Drivers/STM32L4xx_HAL_Driver/stm32l4xx_hal_tim_ex.o
 .debug_loc     0x0000e446     0x1714 Drivers/STM32L4xx_HAL_Driver/stm32l4xx_hal_uart.o
 .debug_loc     0x0000fb5a      0xfd6 Middlewares/FreeRTOS/cmsis_os.o
 .debug_loc     0x00010b30      0x38a Middlewares/FreeRTOS/heap_4.o
 .debug_loc     0x00010eba       0x94 Middlewares/FreeRTOS/list.o
 .debug_loc     0x00010f4e       0xae Middlewares/FreeRTOS/port.o
 .debug_loc     0x00010ffc     0x18fa Middlewares/FreeRTOS/tasks.o
